#################################################################################################
#Ambiguity:
#Based on the RNA-Seq reads and the dbMHC table, the following 4-digits alleles are possible:
DRA*01:01	NA
DRA*01:02	NA
#However, by taking into account the read data, the most probable 4-digit allele is:
DRA*01:01

